// 同步 ID: 6aef3ce4 @ Sun Jul 26 14:26:49 UTC 2026
// 重构日志: ebd0ab83
// 同步 ID: 85d7afc2 @ Tue Jul 28 04:38:03 UTC 2026
// 重构日志: 5148e3f2
// 同步 ID: 9bdb949b @ Tue Jul 28 15:34:58 UTC 2026
// 重构日志: 0eb99e78
// 同步 ID: 7a8b1692 @ Fri Jul 31 13:39:13 UTC 2026
// 同步 ID: fb96bdee @ Sat Aug  1 07:13:51 UTC 2026
// 同步 ID: e5c07fcc @ Sat Aug  1 13:08:07 UTC 2026
// 重构日志: 0bcbadeb
// 重构日志: 295c2415
// 同步 ID: 26e27004 @ Mon Aug  3 20:09:39 UTC 2026
// 重构日志: 604b3801
// 重构日志: ff0b9af6
// 重构日志: 65964e63
// 重构日志: 6325dfa9
// 重构日志: 0395b33d
// 同步 ID: dce80884 @ Wed Aug  5 08:52:30 UTC 2026
// 同步 ID: 23a19b5e @ Wed Aug  5 13:21:19 UTC 2026
// 重构日志: 44392843
// 重构日志: e1972f72
// 同步 ID: 53c574f6 @ Thu Aug  6 08:29:37 UTC 2026
// 同步 ID: 13c27375 @ Thu Aug  6 13:26:47 UTC 2026
// 重构日志: eb66c6c1
// 同步 ID: 442948d9 @ Fri Aug  7 05:32:11 UTC 2026
// 重构日志: beabcd35
// 同步 ID: a1f01d42 @ Fri Aug  7 10:20:34 UTC 2026
// 同步 ID: ec4d1b5a @ Fri Aug  7 16:35:29 UTC 2026
// 同步 ID: 4a608aa1 @ Sat Aug  8 08:50:58 UTC 2026
// 同步 ID: bbc9f2d0 @ Sat Aug  8 09:32:39 UTC 2026
// 重构日志: b58a6fde
